// Jest Snapshot v1, https://goo.gl/fbAQLP

exports[`ClaimDocuments should render claim documents 1`] = `
<View
  style={
    Object {
      "flex": 1,
    }
  }
>
  <RNCSafeAreaView
    onInsetsChange={[Function]}
    style={
      Object {
        "flex": 1,
      }
    }
  >
    <View
      onLayout={[Function]}
      style={
        Object {
          "flex": 1,
          "overflow": "hidden",
        }
      }
    >
      <View
        pointerEvents="box-none"
        style={
          Object {
            "bottom": 0,
            "left": 0,
            "position": "absolute",
            "right": 0,
            "top": 0,
          }
        }
      >
        <View
          accessibilityElementsHidden={false}
          closing={false}
          gestureVelocityImpact={0.3}
          importantForAccessibility="auto"
          onClose={[Function]}
          onGestureBegin={[Function]}
          onGestureCanceled={[Function]}
          onOpen={[Function]}
          onTransitionStart={[Function]}
          pointerEvents="box-none"
          style={
            Object {
              "bottom": 0,
              "left": 0,
              "position": "absolute",
              "right": 0,
              "top": 0,
            }
          }
          transitionSpec={
            Object {
              "close": Object {
                "animation": "spring",
                "config": Object {
                  "damping": 500,
                  "mass": 3,
                  "overshootClamping": true,
                  "restDisplacementThreshold": 0.01,
                  "restSpeedThreshold": 0.01,
                  "stiffness": 1000,
                },
              },
              "open": Object {
                "animation": "spring",
                "config": Object {
                  "damping": 500,
                  "mass": 3,
                  "overshootClamping": true,
                  "restDisplacementThreshold": 0.01,
                  "restSpeedThreshold": 0.01,
                  "stiffness": 1000,
                },
              },
            }
          }
        >
          <View
            pointerEvents="box-none"
            style={
              Object {
                "flex": 1,
              }
            }
          >
            <View
              enabled={false}
              hitSlop={
                Object {
                  "right": -700,
                }
              }
              maxDeltaY={20}
              minOffsetX={5}
              onHandlerStateChange={[Function]}
            >
              <View
                style={
                  Object {
                    "flex": 1,
                    "transform": Array [
                      Object {
                        "translateX": 0,
                      },
                      Object {
                        "translateX": 0,
                      },
                    ],
                  }
                }
              >
                <View
                  pointerEvents="none"
                  style={
                    Object {
                      "backgroundColor": "#fff",
                      "bottom": 0,
                      "left": 0,
                      "position": "absolute",
                      "shadowColor": "#000",
                      "shadowOffset": Object {
                        "height": 1,
                        "width": -1,
                      },
                      "shadowOpacity": 0.3,
                      "shadowRadius": 5,
                      "top": 0,
                      "width": 3,
                    }
                  }
                />
                <View
                  style={
                    Array [
                      Object {
                        "flex": 1,
                        "overflow": "hidden",
                      },
                      Array [
                        Object {
                          "backgroundColor": "rgb(242, 242, 242)",
                        },
                        undefined,
                      ],
                    ]
                  }
                >
                  <View
                    style={
                      Object {
                        "flex": 1,
                        "flexDirection": "column-reverse",
                      }
                    }
                  >
                    <View
                      style={
                        Object {
                          "flex": 1,
                        }
                      }
                    >
                      <View
                        style={
                          Array [
                            Object {},
                            Object {
                              "width": "100%",
                            },
                          ]
                        }
                      >
                        <View
                          style={
                            Array [
                              Object {},
                            ]
                          }
                        >
                          <View
                            py={3}
                            style={
                              Array [
                                Object {
                                  "paddingBottom": 16,
                                  "paddingTop": 16,
                                },
                              ]
                            }
                          >
                            <Text
                              color="gray.0"
                              fontFamily="default"
                              fontSize={16}
                              fontWeight="bold"
                              lineHeight={22}
                              style={
                                Array [
                                  Object {
                                    "color": "#212121",
                                    "fontFamily": "Arial",
                                    "fontSize": 16,
                                    "fontWeight": "700",
                                    "lineHeight": 22,
                                  },
                                ]
                              }
                            >
                              Section title 1
                            </Text>
                          </View>
                          <RCTScrollView
                            horizontal={true}
                            onContentSizeChange={[Function]}
                            onLayout={[Function]}
                            onScroll={[Function]}
                            scrollEventThrottle={0.0001}
                            showsHorizontalScrollIndicator={false}
                          >
                            <View>
                              <View
                                flexDirection="row"
                                flexWrap="nowrap"
                                pr={32}
                                style={
                                  Array [
                                    Object {
                                      "display": "flex",
                                      "flexDirection": "row",
                                      "flexWrap": "nowrap",
                                      "paddingRight": 32,
                                    },
                                  ]
                                }
                              >
                                <View
                                  ml={32}
                                  my={8}
                                  style={
                                    Array [
                                      Object {
                                        "marginBottom": 8,
                                        "marginLeft": 32,
                                        "marginTop": 8,
                                      },
                                    ]
                                  }
                                >
                                  <View>
                                    <View
                                      backgroundColor="white"
                                      height={176}
                                      style={
                                        Array [
                                          Object {
                                            "backgroundColor": "#ffffff",
                                            "borderRadius": 4,
                                            "height": 176,
                                            "shadowColor": "#000",
                                            "shadowOffset": Object {
                                              "height": 2,
                                              "width": 0,
                                            },
                                            "shadowOpacity": 0.05,
                                            "shadowRadius": 3,
                                            "width": 128,
                                          },
                                        ]
                                      }
                                      width={128}
                                    >
                                      <View
                                        alignItem="center"
                                        borderRadius="4px"
                                        height={176}
                                        justifyContent="center"
                                        style={
                                          Array [
                                            Object {
                                              "borderRadius": 4,
                                              "height": 176,
                                              "justifyContent": "center",
                                              "width": 128,
                                            },
                                          ]
                                        }
                                        width={128}
                                      >
                                        <Image
                                          height={176}
                                          source={
                                            Object {
                                              "headers": Object {
                                                "Authorization": "Bearer undefined",
                                              },
                                              "uri": "mock-uri",
                                            }
                                          }
                                          style={
                                            Array [
                                              Object {
                                                "height": 176,
                                              },
                                              Object {
                                                "borderRadius": 4,
                                              },
                                            ]
                                          }
                                        />
                                      </View>
                                      <View
                                        accessibilityLabel="View document of section1"
                                        accessible={true}
                                        focusable={true}
                                        isTVSelectable={true}
                                        onClick={[Function]}
                                        onResponderGrant={[Function]}
                                        onResponderMove={[Function]}
                                        onResponderRelease={[Function]}
                                        onResponderTerminate={[Function]}
                                        onResponderTerminationRequest={[Function]}
                                        onStartShouldSetResponder={[Function]}
                                        style={
                                          Array [
                                            Object {
                                              "borderRadius": 4,
                                            },
                                            Object {
                                              "bottom": 0,
                                              "left": 0,
                                              "opacity": 0.5,
                                              "position": "absolute",
                                              "right": 0,
                                              "top": 0,
                                              "zIndex": 2,
                                            },
                                          ]
                                        }
                                      >
                                        <View
                                          style={null}
                                        />
                                      </View>
                                    </View>
                                  </View>
                                </View>
                                <View
                                  ml={16}
                                  my={8}
                                  style={
                                    Array [
                                      Object {
                                        "marginBottom": 8,
                                        "marginLeft": 16,
                                        "marginTop": 8,
                                      },
                                    ]
                                  }
                                >
                                  <View>
                                    <View
                                      backgroundColor="white"
                                      height={176}
                                      style={
                                        Array [
                                          Object {
                                            "backgroundColor": "#ffffff",
                                            "borderRadius": 4,
                                            "height": 176,
                                            "shadowColor": "#000",
                                            "shadowOffset": Object {
                                              "height": 2,
                                              "width": 0,
                                            },
                                            "shadowOpacity": 0.05,
                                            "shadowRadius": 3,
                                            "width": 128,
                                          },
                                        ]
                                      }
                                      width={128}
                                    >
                                      <View
                                        alignItem="center"
                                        borderRadius="4px"
                                        height={176}
                                        justifyContent="center"
                                        style={
                                          Array [
                                            Object {
                                              "borderRadius": 4,
                                              "height": 176,
                                              "justifyContent": "center",
                                              "width": 128,
                                            },
                                          ]
                                        }
                                        width={128}
                                      >
                                        <Image
                                          height={176}
                                          source={
                                            Object {
                                              "headers": Object {
                                                "Authorization": "Bearer undefined",
                                              },
                                              "uri": "mock-uri",
                                            }
                                          }
                                          style={
                                            Array [
                                              Object {
                                                "height": 176,
                                              },
                                              Object {
                                                "borderRadius": 4,
                                              },
                                            ]
                                          }
                                        />
                                      </View>
                                      <View
                                        accessibilityLabel="View document of section1"
                                        accessible={true}
                                        focusable={true}
                                        isTVSelectable={true}
                                        onClick={[Function]}
                                        onResponderGrant={[Function]}
                                        onResponderMove={[Function]}
                                        onResponderRelease={[Function]}
                                        onResponderTerminate={[Function]}
                                        onResponderTerminationRequest={[Function]}
                                        onStartShouldSetResponder={[Function]}
                                        style={
                                          Array [
                                            Object {
                                              "borderRadius": 4,
                                            },
                                            Object {
                                              "bottom": 0,
                                              "left": 0,
                                              "opacity": 0.5,
                                              "position": "absolute",
                                              "right": 0,
                                              "top": 0,
                                              "zIndex": 2,
                                            },
                                          ]
                                        }
                                      >
                                        <View
                                          style={null}
                                        />
                                      </View>
                                    </View>
                                  </View>
                                </View>
                              </View>
                            </View>
                          </RCTScrollView>
                        </View>
                        <View
                          style={
                            Array [
                              Object {},
                            ]
                          }
                        >
                          <RCTScrollView
                            horizontal={true}
                            onContentSizeChange={[Function]}
                            onLayout={[Function]}
                            onScroll={[Function]}
                            scrollEventThrottle={0.0001}
                            showsHorizontalScrollIndicator={false}
                          >
                            <View>
                              <View
                                flexDirection="row"
                                flexWrap="nowrap"
                                pr={32}
                                style={
                                  Array [
                                    Object {
                                      "display": "flex",
                                      "flexDirection": "row",
                                      "flexWrap": "nowrap",
                                      "paddingRight": 32,
                                    },
                                  ]
                                }
                              >
                                <View
                                  ml={32}
                                  my={8}
                                  style={
                                    Array [
                                      Object {
                                        "marginBottom": 8,
                                        "marginLeft": 32,
                                        "marginTop": 8,
                                      },
                                    ]
                                  }
                                >
                                  <View>
                                    <View
                                      backgroundColor="white"
                                      height={176}
                                      style={
                                        Array [
                                          Object {
                                            "backgroundColor": "#ffffff",
                                            "borderRadius": 4,
                                            "height": 176,
                                            "shadowColor": "#000",
                                            "shadowOffset": Object {
                                              "height": 2,
                                              "width": 0,
                                            },
                                            "shadowOpacity": 0.05,
                                            "shadowRadius": 3,
                                            "width": 128,
                                          },
                                        ]
                                      }
                                      width={128}
                                    >
                                      <View
                                        alignItem="center"
                                        borderRadius="4px"
                                        height={176}
                                        justifyContent="center"
                                        style={
                                          Array [
                                            Object {
                                              "borderRadius": 4,
                                              "height": 176,
                                              "justifyContent": "center",
                                              "width": 128,
                                            },
                                          ]
                                        }
                                        width={128}
                                      >
                                        <Image
                                          height={176}
                                          source={
                                            Object {
                                              "headers": Object {
                                                "Authorization": "Bearer undefined",
                                              },
                                              "uri": "mock-uri",
                                            }
                                          }
                                          style={
                                            Array [
                                              Object {
                                                "height": 176,
                                              },
                                              Object {
                                                "borderRadius": 4,
                                              },
                                            ]
                                          }
                                        />
                                      </View>
                                      <View
                                        accessibilityLabel="View document of section2"
                                        accessible={true}
                                        focusable={true}
                                        isTVSelectable={true}
                                        onClick={[Function]}
                                        onResponderGrant={[Function]}
                                        onResponderMove={[Function]}
                                        onResponderRelease={[Function]}
                                        onResponderTerminate={[Function]}
                                        onResponderTerminationRequest={[Function]}
                                        onStartShouldSetResponder={[Function]}
                                        style={
                                          Array [
                                            Object {
                                              "borderRadius": 4,
                                            },
                                            Object {
                                              "bottom": 0,
                                              "left": 0,
                                              "opacity": 0.5,
                                              "position": "absolute",
                                              "right": 0,
                                              "top": 0,
                                              "zIndex": 2,
                                            },
                                          ]
                                        }
                                      >
                                        <View
                                          style={null}
                                        />
                                      </View>
                                    </View>
                                  </View>
                                </View>
                                <View
                                  ml={16}
                                  my={8}
                                  style={
                                    Array [
                                      Object {
                                        "marginBottom": 8,
                                        "marginLeft": 16,
                                        "marginTop": 8,
                                      },
                                    ]
                                  }
                                >
                                  <View>
                                    <View
                                      backgroundColor="white"
                                      height={176}
                                      style={
                                        Array [
                                          Object {
                                            "backgroundColor": "#ffffff",
                                            "borderRadius": 4,
                                            "height": 176,
                                            "shadowColor": "#000",
                                            "shadowOffset": Object {
                                              "height": 2,
                                              "width": 0,
                                            },
                                            "shadowOpacity": 0.05,
                                            "shadowRadius": 3,
                                            "width": 128,
                                          },
                                        ]
                                      }
                                      width={128}
                                    >
                                      <View
                                        alignItem="center"
                                        borderRadius="4px"
                                        height={176}
                                        justifyContent="center"
                                        style={
                                          Array [
                                            Object {
                                              "borderRadius": 4,
                                              "height": 176,
                                              "justifyContent": "center",
                                              "width": 128,
                                            },
                                          ]
                                        }
                                        width={128}
                                      >
                                        <Image
                                          height={176}
                                          source={
                                            Object {
                                              "headers": Object {
                                                "Authorization": "Bearer undefined",
                                              },
                                              "uri": "mock-uri",
                                            }
                                          }
                                          style={
                                            Array [
                                              Object {
                                                "height": 176,
                                              },
                                              Object {
                                                "borderRadius": 4,
                                              },
                                            ]
                                          }
                                        />
                                      </View>
                                      <View
                                        accessibilityLabel="View document of section2"
                                        accessible={true}
                                        focusable={true}
                                        isTVSelectable={true}
                                        onClick={[Function]}
                                        onResponderGrant={[Function]}
                                        onResponderMove={[Function]}
                                        onResponderRelease={[Function]}
                                        onResponderTerminate={[Function]}
                                        onResponderTerminationRequest={[Function]}
                                        onStartShouldSetResponder={[Function]}
                                        style={
                                          Array [
                                            Object {
                                              "borderRadius": 4,
                                            },
                                            Object {
                                              "bottom": 0,
                                              "left": 0,
                                              "opacity": 0.5,
                                              "position": "absolute",
                                              "right": 0,
                                              "top": 0,
                                              "zIndex": 2,
                                            },
                                          ]
                                        }
                                      >
                                        <View
                                          style={null}
                                        />
                                      </View>
                                    </View>
                                  </View>
                                </View>
                              </View>
                            </View>
                          </RCTScrollView>
                        </View>
                      </View>
                    </View>
                  </View>
                </View>
              </View>
            </View>
          </View>
        </View>
      </View>
    </View>
  </RNCSafeAreaView>
</View>
`;
