// Jest Snapshot v1, https://goo.gl/fbAQLP

exports[`CheckIn Render CheckIn 1`] = `
<View
  style={
    Object {
      "flex": 1,
    }
  }
>
  <RNCSafeAreaView
    onInsetsChange={[Function]}
    style={
      Object {
        "flex": 1,
      }
    }
  >
    <View
      onLayout={[Function]}
      style={
        Object {
          "flex": 1,
          "overflow": "hidden",
        }
      }
    >
      <View
        pointerEvents="box-none"
        style={
          Object {
            "bottom": 0,
            "left": 0,
            "position": "absolute",
            "right": 0,
            "top": 0,
          }
        }
      >
        <View
          accessibilityElementsHidden={false}
          closing={false}
          gestureVelocityImpact={0.3}
          importantForAccessibility="auto"
          onClose={[Function]}
          onGestureBegin={[Function]}
          onGestureCanceled={[Function]}
          onOpen={[Function]}
          onTransitionStart={[Function]}
          pointerEvents="box-none"
          style={
            Object {
              "bottom": 0,
              "left": 0,
              "position": "absolute",
              "right": 0,
              "top": 0,
            }
          }
          transitionSpec={
            Object {
              "close": Object {
                "animation": "spring",
                "config": Object {
                  "damping": 500,
                  "mass": 3,
                  "overshootClamping": true,
                  "restDisplacementThreshold": 0.01,
                  "restSpeedThreshold": 0.01,
                  "stiffness": 1000,
                },
              },
              "open": Object {
                "animation": "spring",
                "config": Object {
                  "damping": 500,
                  "mass": 3,
                  "overshootClamping": true,
                  "restDisplacementThreshold": 0.01,
                  "restSpeedThreshold": 0.01,
                  "stiffness": 1000,
                },
              },
            }
          }
        >
          <View
            pointerEvents="box-none"
            style={
              Object {
                "flex": 1,
              }
            }
          >
            <View
              enabled={false}
              hitSlop={
                Object {
                  "right": -700,
                }
              }
              maxDeltaY={20}
              minOffsetX={5}
              onHandlerStateChange={[Function]}
            >
              <View
                style={
                  Object {
                    "flex": 1,
                    "transform": Array [
                      Object {
                        "translateX": 0,
                      },
                      Object {
                        "translateX": 0,
                      },
                    ],
                  }
                }
              >
                <View
                  pointerEvents="none"
                  style={
                    Object {
                      "backgroundColor": "#fff",
                      "bottom": 0,
                      "left": 0,
                      "position": "absolute",
                      "shadowColor": "#000",
                      "shadowOffset": Object {
                        "height": 1,
                        "width": -1,
                      },
                      "shadowOpacity": 0.3,
                      "shadowRadius": 5,
                      "top": 0,
                      "width": 3,
                    }
                  }
                />
                <View
                  style={
                    Array [
                      Object {
                        "flex": 1,
                        "overflow": "hidden",
                      },
                      Array [
                        Object {
                          "backgroundColor": "rgb(242, 242, 242)",
                        },
                        undefined,
                      ],
                    ]
                  }
                >
                  <View
                    style={
                      Object {
                        "flex": 1,
                        "flexDirection": "column-reverse",
                      }
                    }
                  >
                    <View
                      style={
                        Object {
                          "flex": 1,
                        }
                      }
                    >
                      <RCTSafeAreaView
                        emulateUnlessSupported={true}
                        flex={1}
                        style={
                          Array [
                            Object {
                              "flexBasis": 0,
                              "flexGrow": 1,
                              "flexShrink": 1,
                            },
                          ]
                        }
                      >
                        <Text
                          color="gray.1"
                          fontFamily="default"
                          fontSize={32}
                          letterSpacing={0.3}
                          lineHeight={22}
                          style={
                            Array [
                              Object {
                                "color": "#646464",
                                "fontFamily": "Arial",
                                "fontSize": 32,
                                "letterSpacing": 0.3,
                                "lineHeight": 22,
                              },
                              Object {
                                "color": "#212121",
                                "fontSize": 32,
                                "fontStyle": "normal",
                                "fontWeight": "300",
                                "letterSpacing": -1.5,
                                "lineHeight": 37,
                                "marginTop": 24,
                                "textAlign": "center",
                              },
                            ]
                          }
                        >
                          You're checked-in
                        </Text>
                        <View
                          style={
                            Array [
                              Object {},
                              Object {
                                "backgroundColor": "#ffffff",
                                "marginHorizontal": 32,
                                "marginTop": 34,
                                "shadowColor": "#000000",
                                "shadowOffset": Object {
                                  "height": 2,
                                  "width": 0,
                                },
                                "shadowOpacity": 0.05,
                                "shadowRadius": 6,
                                "width": 686,
                              },
                            ]
                          }
                        >
                          <View
                            alignItems="center"
                            justifyContent="center"
                            mx={24}
                            my={44}
                            style={
                              Array [
                                Object {
                                  "alignItems": "center",
                                  "justifyContent": "center",
                                  "marginBottom": 44,
                                  "marginLeft": 24,
                                  "marginRight": 24,
                                  "marginTop": 44,
                                },
                              ]
                            }
                          >
                            <Text
                              color="#000000"
                              fontFamily="default"
                              fontSize={16}
                              fontWeight="bold"
                              letterSpacing={0.3}
                              lineHeight={22}
                              style={
                                Array [
                                  Object {
                                    "color": "#000000",
                                    "fontFamily": "Arial",
                                    "fontSize": 16,
                                    "fontWeight": "700",
                                    "letterSpacing": 0.3,
                                    "lineHeight": 22,
                                  },
                                ]
                              }
                            >
                              Estimated consulation time
                            </Text>
                            <Text
                              color="gray.1"
                              fontFamily="default"
                              fontSize={16}
                              letterSpacing={0.3}
                              lineHeight={22}
                              style={
                                Array [
                                  Object {
                                    "color": "#646464",
                                    "fontFamily": "Arial",
                                    "fontSize": 16,
                                    "letterSpacing": 0.3,
                                    "lineHeight": 22,
                                  },
                                  Object {
                                    "color": "#212121",
                                    "fontSize": 32,
                                    "fontStyle": "normal",
                                    "fontWeight": "300",
                                    "letterSpacing": -1.5,
                                    "lineHeight": 37,
                                    "marginTop": 24,
                                    "textAlign": "center",
                                  },
                                ]
                              }
                            >
                              12:47 AM
                            </Text>
                            <Text
                              color="#727272"
                              fontFamily="default"
                              fontSize={16}
                              letterSpacing={0.3}
                              lineHeight={22}
                              mt={8}
                              style={
                                Array [
                                  Object {
                                    "color": "#727272",
                                    "fontFamily": "Arial",
                                    "fontSize": 16,
                                    "letterSpacing": 0.3,
                                    "lineHeight": 22,
                                    "marginTop": 8,
                                  },
                                ]
                              }
                            >
                              27 May 2020
                            </Text>
                            <View
                              alignItems="center"
                              flexDirection="row"
                              mr="auto"
                              mt={24}
                              style={
                                Array [
                                  Object {
                                    "alignItems": "center",
                                    "flexDirection": "row",
                                    "marginRight": "auto",
                                    "marginTop": 24,
                                  },
                                ]
                              }
                            >
                              <Image
                                source={
                                  Object {
                                    "testUri": "../../../src/components/heal/images/icon-doctor.png",
                                  }
                                }
                              />
                              <View
                                ml={18}
                                style={
                                  Array [
                                    Object {
                                      "marginLeft": 18,
                                    },
                                  ]
                                }
                              >
                                <Text
                                  color="gray.1"
                                  fontFamily="default"
                                  fontSize={16}
                                  letterSpacing={0.3}
                                  lineHeight={22}
                                  style={
                                    Array [
                                      Object {
                                        "color": "#646464",
                                        "fontFamily": "Arial",
                                        "fontSize": 16,
                                        "letterSpacing": 0.3,
                                        "lineHeight": 22,
                                      },
                                      Object {
                                        "color": "#727272",
                                        "fontSize": 14,
                                        "letterSpacing": 0.25,
                                        "lineHeight": 20,
                                      },
                                    ]
                                  }
                                >
                                  Yeo An Shin
                                </Text>
                                <Text
                                  color="gray.1"
                                  fontFamily="default"
                                  fontSize={16}
                                  letterSpacing={0.3}
                                  lineHeight={22}
                                  style={
                                    Array [
                                      Object {
                                        "color": "#646464",
                                        "fontFamily": "Arial",
                                        "fontSize": 16,
                                        "letterSpacing": 0.3,
                                        "lineHeight": 22,
                                      },
                                      Object {
                                        "color": "#727272",
                                        "fontSize": 14,
                                        "letterSpacing": 0.25,
                                        "lineHeight": 20,
                                      },
                                    ]
                                  }
                                >
                                  General Practitioner
                                </Text>
                              </View>
                            </View>
                            <View
                              alignItems="center"
                              flexDirection="row"
                              mr="auto"
                              mt={24}
                              style={
                                Array [
                                  Object {
                                    "alignItems": "center",
                                    "flexDirection": "row",
                                    "marginRight": "auto",
                                    "marginTop": 24,
                                  },
                                ]
                              }
                            >
                              <Image
                                source={
                                  Object {
                                    "testUri": "../../../src/components/heal/images/location.png",
                                  }
                                }
                              />
                              <Text
                                color="gray.1"
                                fontFamily="default"
                                fontSize={16}
                                letterSpacing={0.3}
                                lineHeight={22}
                                ml={18}
                                mr={18}
                                numberOfLines={4}
                                style={
                                  Array [
                                    Object {
                                      "color": "#646464",
                                      "fontFamily": "Arial",
                                      "fontSize": 16,
                                      "letterSpacing": 0.3,
                                      "lineHeight": 22,
                                      "marginLeft": 18,
                                      "marginRight": 18,
                                    },
                                    Object {
                                      "color": "#727272",
                                      "fontSize": 14,
                                      "letterSpacing": 0.25,
                                      "lineHeight": 20,
                                    },
                                  ]
                                }
                              />
                            </View>
                          </View>
                        </View>
                        <View
                          accessible={true}
                          focusable={true}
                          isTVSelectable={true}
                          onClick={[Function]}
                          onResponderGrant={[Function]}
                          onResponderMove={[Function]}
                          onResponderRelease={[Function]}
                          onResponderTerminate={[Function]}
                          onResponderTerminationRequest={[Function]}
                          onStartShouldSetResponder={[Function]}
                          style={
                            Object {
                              "alignItems": "center",
                              "borderColor": "#212121",
                              "borderWidth": 1,
                              "bottom": 88,
                              "height": 48,
                              "justifyContent": "center",
                              "marginHorizontal": 32,
                              "opacity": 1,
                              "position": "absolute",
                              "width": 686,
                            }
                          }
                        >
                          <Text
                            color="#212121"
                            fontFamily="default"
                            fontSize={16}
                            letterSpacing={0.3}
                            lineHeight={22}
                            style={
                              Array [
                                Object {
                                  "color": "#212121",
                                  "fontFamily": "Arial",
                                  "fontSize": 16,
                                  "letterSpacing": 0.3,
                                  "lineHeight": 22,
                                },
                              ]
                            }
                          >
                            Back to homepage
                          </Text>
                        </View>
                      </RCTSafeAreaView>
                    </View>
                  </View>
                </View>
              </View>
            </View>
          </View>
        </View>
      </View>
    </View>
  </RNCSafeAreaView>
</View>
`;
