// Jest Snapshot v1, https://goo.gl/fbAQLP

exports[`TicketBookingResult Render TicketBookingResult 1`] = `
<View
  style={
    Object {
      "flex": 1,
    }
  }
>
  <RNCSafeAreaView
    onInsetsChange={[Function]}
    style={
      Object {
        "flex": 1,
      }
    }
  >
    <View
      onLayout={[Function]}
      style={
        Object {
          "flex": 1,
          "overflow": "hidden",
        }
      }
    >
      <View
        pointerEvents="box-none"
        style={
          Object {
            "bottom": 0,
            "left": 0,
            "position": "absolute",
            "right": 0,
            "top": 0,
          }
        }
      >
        <View
          accessibilityElementsHidden={false}
          closing={false}
          gestureVelocityImpact={0.3}
          importantForAccessibility="auto"
          onClose={[Function]}
          onGestureBegin={[Function]}
          onGestureCanceled={[Function]}
          onOpen={[Function]}
          onTransitionStart={[Function]}
          pointerEvents="box-none"
          style={
            Object {
              "bottom": 0,
              "left": 0,
              "position": "absolute",
              "right": 0,
              "top": 0,
            }
          }
          transitionSpec={
            Object {
              "close": Object {
                "animation": "spring",
                "config": Object {
                  "damping": 500,
                  "mass": 3,
                  "overshootClamping": true,
                  "restDisplacementThreshold": 0.01,
                  "restSpeedThreshold": 0.01,
                  "stiffness": 1000,
                },
              },
              "open": Object {
                "animation": "spring",
                "config": Object {
                  "damping": 500,
                  "mass": 3,
                  "overshootClamping": true,
                  "restDisplacementThreshold": 0.01,
                  "restSpeedThreshold": 0.01,
                  "stiffness": 1000,
                },
              },
            }
          }
        >
          <View
            pointerEvents="box-none"
            style={
              Object {
                "flex": 1,
              }
            }
          >
            <View
              enabled={false}
              hitSlop={
                Object {
                  "right": -700,
                }
              }
              maxDeltaY={20}
              minOffsetX={5}
              onHandlerStateChange={[Function]}
            >
              <View
                style={
                  Object {
                    "flex": 1,
                    "transform": Array [
                      Object {
                        "translateX": 0,
                      },
                      Object {
                        "translateX": 0,
                      },
                    ],
                  }
                }
              >
                <View
                  pointerEvents="none"
                  style={
                    Object {
                      "backgroundColor": "#fff",
                      "bottom": 0,
                      "left": 0,
                      "position": "absolute",
                      "shadowColor": "#000",
                      "shadowOffset": Object {
                        "height": 1,
                        "width": -1,
                      },
                      "shadowOpacity": 0.3,
                      "shadowRadius": 5,
                      "top": 0,
                      "width": 3,
                    }
                  }
                />
                <View
                  style={
                    Array [
                      Object {
                        "flex": 1,
                        "overflow": "hidden",
                      },
                      Array [
                        Object {
                          "backgroundColor": "rgb(242, 242, 242)",
                        },
                        undefined,
                      ],
                    ]
                  }
                >
                  <View
                    style={
                      Object {
                        "flex": 1,
                        "flexDirection": "column-reverse",
                      }
                    }
                  >
                    <View
                      style={
                        Object {
                          "flex": 1,
                        }
                      }
                    >
                      <RCTSafeAreaView
                        emulateUnlessSupported={true}
                        flex={1}
                        style={
                          Array [
                            Object {
                              "flexBasis": 0,
                              "flexGrow": 1,
                              "flexShrink": 1,
                            },
                          ]
                        }
                      >
                        <RCTScrollView
                          contentContainerStyle={
                            Object {
                              "paddingHorizontal": 32,
                              "paddingVertical": 32,
                            }
                          }
                        >
                          <View>
                            <Text
                              color="#212121"
                              fontFamily="default"
                              fontSize={32}
                              fontWeight={300}
                              letterSpacing={-1.5}
                              lineHeight={37}
                              style={
                                Array [
                                  Object {
                                    "color": "#212121",
                                    "fontFamily": "Arial",
                                    "fontSize": 32,
                                    "fontWeight": "300",
                                    "letterSpacing": -1.5,
                                    "lineHeight": 37,
                                    "textAlign": "center",
                                  },
                                ]
                              }
                              textAlign="center"
                            >
                              Thank you for booking with us!
                            </Text>
                            <Image
                              source={
                                Object {
                                  "testUri": "../../../src/components/heal/images/successImage.png",
                                }
                              }
                              style={
                                Object {
                                  "alignSelf": "center",
                                  "marginTop": 26,
                                }
                              }
                            />
                            <View
                              style={
                                Array [
                                  Object {},
                                  Object {
                                    "marginHorizontal": 16,
                                    "marginTop": 24,
                                  },
                                ]
                              }
                            >
                              <View
                                flexDirection="row"
                                mb={25}
                                pt={20}
                                style={
                                  Array [
                                    Object {
                                      "flexDirection": "row",
                                      "marginBottom": 25,
                                      "paddingTop": 20,
                                    },
                                  ]
                                }
                              >
                                <Image
                                  source={
                                    Object {
                                      "testUri": "../../../src/components/heal/images/appointmentCalender.png",
                                    }
                                  }
                                  style={
                                    Array [
                                      Object {},
                                      Object {
                                        "tintColor": "#212121",
                                      },
                                    ]
                                  }
                                />
                                <View
                                  style={
                                    Array [
                                      Object {},
                                    ]
                                  }
                                >
                                  <Text
                                    color="gray.1"
                                    fontFamily="default"
                                    fontSize={16}
                                    letterSpacing={0.3}
                                    lineHeight={22}
                                    ml={18}
                                    style={
                                      Array [
                                        Object {
                                          "color": "#646464",
                                          "fontFamily": "Arial",
                                          "fontSize": 16,
                                          "letterSpacing": 0.3,
                                          "lineHeight": 22,
                                          "marginLeft": 18,
                                        },
                                        Object {
                                          "color": "#727272",
                                          "fontSize": 14,
                                          "letterSpacing": 0.25,
                                          "lineHeight": 20,
                                        },
                                      ]
                                    }
                                  >
                                    11 Jun 2020
                                  </Text>
                                </View>
                              </View>
                              <View
                                alignItems="center"
                                flexDirection="row"
                                mr="auto"
                                style={
                                  Array [
                                    Object {
                                      "alignItems": "center",
                                      "flexDirection": "row",
                                      "marginRight": "auto",
                                    },
                                  ]
                                }
                              >
                                <Image
                                  source={
                                    Object {
                                      "testUri": "../../../src/components/heal/images/icon-doctor.png",
                                    }
                                  }
                                  style={
                                    Array [
                                      Object {},
                                    ]
                                  }
                                />
                                <View
                                  ml={18}
                                  style={
                                    Array [
                                      Object {
                                        "marginLeft": 18,
                                      },
                                    ]
                                  }
                                >
                                  <Text
                                    color="gray.1"
                                    fontFamily="default"
                                    fontSize={16}
                                    letterSpacing={0.3}
                                    lineHeight={22}
                                    style={
                                      Array [
                                        Object {
                                          "color": "#646464",
                                          "fontFamily": "Arial",
                                          "fontSize": 16,
                                          "letterSpacing": 0.3,
                                          "lineHeight": 22,
                                        },
                                        Object {
                                          "color": "#727272",
                                          "fontSize": 14,
                                          "letterSpacing": 0.25,
                                          "lineHeight": 20,
                                        },
                                      ]
                                    }
                                  >
                                    Dr. Yeo An Shin
                                  </Text>
                                </View>
                              </View>
                              <View
                                alignItems="center"
                                flexDirection="row"
                                mr="auto"
                                mt={24}
                                style={
                                  Array [
                                    Object {
                                      "alignItems": "center",
                                      "flexDirection": "row",
                                      "marginRight": "auto",
                                      "marginTop": 24,
                                    },
                                  ]
                                }
                              >
                                <Image
                                  source={
                                    Object {
                                      "testUri": "../../../src/components/heal/images/location.png",
                                    }
                                  }
                                  style={
                                    Array [
                                      Object {},
                                    ]
                                  }
                                />
                                <Text
                                  color="gray.1"
                                  fontFamily="default"
                                  fontSize={16}
                                  letterSpacing={0.3}
                                  lineHeight={22}
                                  ml={18}
                                  style={
                                    Array [
                                      Object {
                                        "color": "#646464",
                                        "fontFamily": "Arial",
                                        "fontSize": 16,
                                        "letterSpacing": 0.3,
                                        "lineHeight": 22,
                                        "marginLeft": 18,
                                      },
                                      Object {
                                        "color": "#727272",
                                        "fontSize": 14,
                                        "letterSpacing": 0.25,
                                        "lineHeight": 20,
                                      },
                                    ]
                                  }
                                >
                                  2502, JALAN ICITY
                                </Text>
                              </View>
                            </View>
                          </View>
                        </RCTScrollView>
                        <View
                          accessible={true}
                          focusable={true}
                          isTVSelectable={true}
                          onClick={[Function]}
                          onResponderGrant={[Function]}
                          onResponderMove={[Function]}
                          onResponderRelease={[Function]}
                          onResponderTerminate={[Function]}
                          onResponderTerminationRequest={[Function]}
                          onStartShouldSetResponder={[Function]}
                          style={
                            Object {
                              "opacity": 1,
                            }
                          }
                        >
                          <View
                            backgroundColor="gray.5"
                            height={1}
                            style={
                              Array [
                                Object {
                                  "backgroundColor": "#e3e3e3",
                                  "height": 1,
                                  "width": "100%",
                                },
                              ]
                            }
                            width="100%"
                          />
                          <View
                            alignItems="center"
                            backgroundColor={
                              Array [
                                "#DB0011",
                              ]
                            }
                            justifyContent="center"
                            style={
                              Array [
                                Object {
                                  "alignItems": "center",
                                  "backgroundColor": "#DB0011",
                                  "justifyContent": "center",
                                },
                                Object {
                                  "height": 48,
                                  "marginHorizontal": 32,
                                  "marginVertical": 16,
                                },
                              ]
                            }
                          >
                            <Text
                              color="#ffffff"
                              fontFamily="default"
                              fontSize={16}
                              letterSpacing={0.3}
                              lineHeight={22}
                              style={
                                Array [
                                  Object {
                                    "color": "#ffffff",
                                    "fontFamily": "Arial",
                                    "fontSize": 16,
                                    "letterSpacing": 0.3,
                                    "lineHeight": 22,
                                  },
                                ]
                              }
                            >
                              View my appointments
                            </Text>
                          </View>
                        </View>
                      </RCTSafeAreaView>
                    </View>
                  </View>
                </View>
              </View>
            </View>
          </View>
        </View>
      </View>
    </View>
  </RNCSafeAreaView>
</View>
`;
