// Jest Snapshot v1, https://goo.gl/fbAQLP

exports[`SearchInput should match snapshot 1`] = `
<View
  style={
    Object {
      "flex": 1,
    }
  }
>
  <RNCSafeAreaView
    onInsetsChange={[Function]}
    style={
      Object {
        "flex": 1,
      }
    }
  >
    <View
      onLayout={[Function]}
      style={
        Object {
          "flex": 1,
          "overflow": "hidden",
        }
      }
    >
      <View
        pointerEvents="box-none"
        style={
          Object {
            "bottom": 0,
            "left": 0,
            "position": "absolute",
            "right": 0,
            "top": 0,
          }
        }
      >
        <View
          accessibilityElementsHidden={false}
          closing={false}
          gestureVelocityImpact={0.3}
          importantForAccessibility="auto"
          onClose={[Function]}
          onGestureBegin={[Function]}
          onGestureCanceled={[Function]}
          onOpen={[Function]}
          onTransitionStart={[Function]}
          pointerEvents="box-none"
          style={
            Object {
              "bottom": 0,
              "left": 0,
              "position": "absolute",
              "right": 0,
              "top": 0,
            }
          }
          transitionSpec={
            Object {
              "close": Object {
                "animation": "spring",
                "config": Object {
                  "damping": 500,
                  "mass": 3,
                  "overshootClamping": true,
                  "restDisplacementThreshold": 0.01,
                  "restSpeedThreshold": 0.01,
                  "stiffness": 1000,
                },
              },
              "open": Object {
                "animation": "spring",
                "config": Object {
                  "damping": 500,
                  "mass": 3,
                  "overshootClamping": true,
                  "restDisplacementThreshold": 0.01,
                  "restSpeedThreshold": 0.01,
                  "stiffness": 1000,
                },
              },
            }
          }
        >
          <View
            pointerEvents="box-none"
            style={
              Object {
                "flex": 1,
              }
            }
          >
            <View
              enabled={false}
              hitSlop={
                Object {
                  "right": -700,
                }
              }
              maxDeltaY={20}
              minOffsetX={5}
              onHandlerStateChange={[Function]}
            >
              <View
                style={
                  Object {
                    "flex": 1,
                    "transform": Array [
                      Object {
                        "translateX": 0,
                      },
                      Object {
                        "translateX": 0,
                      },
                    ],
                  }
                }
              >
                <View
                  pointerEvents="none"
                  style={
                    Object {
                      "backgroundColor": "#fff",
                      "bottom": 0,
                      "left": 0,
                      "position": "absolute",
                      "shadowColor": "#000",
                      "shadowOffset": Object {
                        "height": 1,
                        "width": -1,
                      },
                      "shadowOpacity": 0.3,
                      "shadowRadius": 5,
                      "top": 0,
                      "width": 3,
                    }
                  }
                />
                <View
                  style={
                    Array [
                      Object {
                        "flex": 1,
                        "overflow": "hidden",
                      },
                      Array [
                        Object {
                          "backgroundColor": "rgb(242, 242, 242)",
                        },
                        undefined,
                      ],
                    ]
                  }
                >
                  <View
                    style={
                      Object {
                        "flex": 1,
                        "flexDirection": "column-reverse",
                      }
                    }
                  >
                    <View
                      style={
                        Object {
                          "flex": 1,
                        }
                      }
                    >
                      <View
                        backgroundColor="#212121"
                        borderColor="#9E9E9E"
                        borderRadius={4}
                        borderWidth={0.5}
                        height={56}
                        justifyContent="center"
                        pl={16}
                        style={
                          Array [
                            Object {
                              "backgroundColor": "#212121",
                              "borderColor": "#9E9E9E",
                              "borderRadius": 4,
                              "borderWidth": 0.5,
                              "height": 56,
                              "justifyContent": "center",
                              "paddingLeft": 16,
                              "width": "100%",
                            },
                          ]
                        }
                        width="100%"
                      >
                        <TextInput
                          allowFontScaling={true}
                          autoCapitalize="none"
                          onBlur={[Function]}
                          onChangeText={[Function]}
                          onFocus={[Function]}
                          onSubmitEditing={[Function]}
                          placeholder="Search"
                          placeholderTextColor="#fff"
                          rejectResponderTermination={true}
                          returnKeyType="search"
                          style={
                            Array [
                              Object {
                                "fontSize": 16,
                              },
                              Object {
                                "color": "#fff",
                              },
                            ]
                          }
                          underlineColorAndroid="transparent"
                          value=""
                        />
                      </View>
                    </View>
                  </View>
                </View>
              </View>
            </View>
          </View>
        </View>
      </View>
    </View>
  </RNCSafeAreaView>
</View>
`;
